[2020-04-09T15:55:18.231+0200][gc,heap] Heap region size: 1M
[2020-04-09T15:55:18.254+0200][gc     ] Using G1
[2020-04-09T15:55:18.254+0200][gc,heap,coops] Heap address: 0x00000000c0000000, size: 1024 MB, Compressed Oops mode: 32-bit
[2020-04-09T15:55:19.322+0200][gc,start     ] GC(0) Pause Young (Normal) (G1 Evacuation Pause)
[2020-04-09T15:55:19.323+0200][gc,task      ] GC(0) Using 8 workers of 8 for evacuation
[2020-04-09T15:55:19.328+0200][gc,phases    ] GC(0)   Pre Evacuate Collection Set: 0,0ms
[2020-04-09T15:55:19.328+0200][gc,phases    ] GC(0)   Evacuate Collection Set: 4,0ms
[2020-04-09T15:55:19.328+0200][gc,phases    ] GC(0)   Post Evacuate Collection Set: 0,4ms
[2020-04-09T15:55:19.328+0200][gc,phases    ] GC(0)   Other: 1,0ms
[2020-04-09T15:55:19.328+0200][gc,heap      ] GC(0) Eden regions: 51->0(44)
[2020-04-09T15:55:19.328+0200][gc,heap      ] GC(0) Survivor regions: 0->7(7)
[2020-04-09T15:55:19.328+0200][gc,heap      ] GC(0) Old regions: 0->1
[2020-04-09T15:55:19.328+0200][gc,heap      ] GC(0) Humongous regions: 0->0
[2020-04-09T15:55:19.328+0200][gc,metaspace ] GC(0) Metaspace: 15930K->15930K(1062912K)
[2020-04-09T15:55:19.328+0200][gc           ] GC(0) Pause Young (Normal) (G1 Evacuation Pause) 51M->7M(1024M) 5,499ms
[2020-04-09T15:55:19.328+0200][gc,cpu       ] GC(0) User=0,03s Sys=0,00s Real=0,01s
[2020-04-09T15:55:19.561+0200][gc,start     ] GC(1) Pause Young (Concurrent Start) (Metadata GC Threshold)
[2020-04-09T15:55:19.561+0200][gc,task      ] GC(1) Using 8 workers of 8 for evacuation
[2020-04-09T15:55:19.570+0200][gc,phases    ] GC(1)   Pre Evacuate Collection Set: 0,1ms
[2020-04-09T15:55:19.570+0200][gc,phases    ] GC(1)   Evacuate Collection Set: 7,5ms
[2020-04-09T15:55:19.570+0200][gc,phases    ] GC(1)   Post Evacuate Collection Set: 0,4ms
[2020-04-09T15:55:19.570+0200][gc,phases    ] GC(1)   Other: 0,3ms
[2020-04-09T15:55:19.570+0200][gc,heap      ] GC(1) Eden regions: 19->0(50)
[2020-04-09T15:55:19.570+0200][gc,heap      ] GC(1) Survivor regions: 7->1(7)
[2020-04-09T15:55:19.570+0200][gc,heap      ] GC(1) Old regions: 1->7
[2020-04-09T15:55:19.570+0200][gc,heap      ] GC(1) Humongous regions: 0->0
[2020-04-09T15:55:19.570+0200][gc,metaspace ] GC(1) Metaspace: 20476K->20476K(1067008K)
[2020-04-09T15:55:19.570+0200][gc           ] GC(1) Pause Young (Concurrent Start) (Metadata GC Threshold) 26M->7M(1024M) 8,446ms
[2020-04-09T15:55:19.570+0200][gc,cpu       ] GC(1) User=0,02s Sys=0,01s Real=0,01s
[2020-04-09T15:55:19.570+0200][gc           ] GC(2) Concurrent Cycle
[2020-04-09T15:55:19.570+0200][gc,marking   ] GC(2) Concurrent Clear Claimed Marks
[2020-04-09T15:55:19.570+0200][gc,marking   ] GC(2) Concurrent Clear Claimed Marks 0,019ms
[2020-04-09T15:55:19.570+0200][gc,marking   ] GC(2) Concurrent Scan Root Regions
[2020-04-09T15:55:19.571+0200][gc,marking   ] GC(2) Concurrent Scan Root Regions 0,970ms
[2020-04-09T15:55:19.571+0200][gc,marking   ] GC(2) Concurrent Mark (1,350s)
[2020-04-09T15:55:19.571+0200][gc,marking   ] GC(2) Concurrent Mark From Roots
[2020-04-09T15:55:19.571+0200][gc,task      ] GC(2) Using 2 workers of 2 for marking
[2020-04-09T15:55:19.577+0200][gc,marking   ] GC(2) Concurrent Mark From Roots 6,322ms
[2020-04-09T15:55:19.577+0200][gc,marking   ] GC(2) Concurrent Preclean
[2020-04-09T15:55:19.577+0200][gc,marking   ] GC(2) Concurrent Preclean 0,152ms
[2020-04-09T15:55:19.577+0200][gc,marking   ] GC(2) Concurrent Mark (1,350s, 1,357s) 6,526ms
[2020-04-09T15:55:19.628+0200][gc,start     ] GC(2) Pause Remark
[2020-04-09T15:55:19.630+0200][gc,stringtable] GC(2) Cleaned string and symbol table, strings: 9133 processed, 0 removed, symbols: 49539 processed, 52 removed
[2020-04-09T15:55:19.630+0200][gc            ] GC(2) Pause Remark 137M->137M(1024M) 2,236ms
[2020-04-09T15:55:19.630+0200][gc,cpu        ] GC(2) User=0,01s Sys=0,00s Real=0,00s
[2020-04-09T15:55:19.630+0200][gc,marking    ] GC(2) Concurrent Rebuild Remembered Sets
[2020-04-09T15:55:19.635+0200][gc,marking    ] GC(2) Concurrent Rebuild Remembered Sets 4,701ms
[2020-04-09T15:55:19.635+0200][gc,start      ] GC(2) Pause Cleanup
[2020-04-09T15:55:19.636+0200][gc            ] GC(2) Pause Cleanup 138M->138M(1024M) 0,239ms
[2020-04-09T15:55:19.636+0200][gc,cpu        ] GC(2) User=0,00s Sys=0,00s Real=0,00s
[2020-04-09T15:55:19.636+0200][gc,marking    ] GC(2) Concurrent Cleanup for Next Mark
[2020-04-09T15:55:19.640+0200][gc,marking    ] GC(2) Concurrent Cleanup for Next Mark 4,802ms
[2020-04-09T15:55:19.640+0200][gc            ] GC(2) Concurrent Cycle 70,668ms
[2020-04-09T15:55:20.195+0200][gc,start      ] GC(3) Pause Young (Normal) (G1 Evacuation Pause)
[2020-04-09T15:55:20.195+0200][gc,task       ] GC(3) Using 8 workers of 8 for evacuation
[2020-04-09T15:55:20.201+0200][gc,phases     ] GC(3)   Pre Evacuate Collection Set: 0,0ms
[2020-04-09T15:55:20.201+0200][gc,phases     ] GC(3)   Evacuate Collection Set: 4,9ms
[2020-04-09T15:55:20.201+0200][gc,phases     ] GC(3)   Post Evacuate Collection Set: 0,4ms
[2020-04-09T15:55:20.201+0200][gc,phases     ] GC(3)   Other: 0,2ms
[2020-04-09T15:55:20.201+0200][gc,heap       ] GC(3) Eden regions: 50->0(46)
[2020-04-09T15:55:20.201+0200][gc,heap       ] GC(3) Survivor regions: 1->5(7)
[2020-04-09T15:55:20.201+0200][gc,heap       ] GC(3) Old regions: 7->7
[2020-04-09T15:55:20.201+0200][gc,heap       ] GC(3) Humongous regions: 129->129
[2020-04-09T15:55:20.201+0200][gc,metaspace  ] GC(3) Metaspace: 30026K->30026K(1077248K)
[2020-04-09T15:55:20.201+0200][gc            ] GC(3) Pause Young (Normal) (G1 Evacuation Pause) 186M->140M(1024M) 5,605ms
[2020-04-09T15:55:20.201+0200][gc,cpu        ] GC(3) User=0,02s Sys=0,00s Real=0,01s
[2020-04-09T15:55:31.239+0200][gc,start      ] GC(4) Pause Young (Concurrent Start) (Metadata GC Threshold)
[2020-04-09T15:55:31.239+0200][gc,task       ] GC(4) Using 8 workers of 8 for evacuation
[2020-04-09T15:55:31.245+0200][gc,phases     ] GC(4)   Pre Evacuate Collection Set: 0,1ms
[2020-04-09T15:55:31.245+0200][gc,phases     ] GC(4)   Evacuate Collection Set: 5,0ms
[2020-04-09T15:55:31.245+0200][gc,phases     ] GC(4)   Post Evacuate Collection Set: 0,4ms
[2020-04-09T15:55:31.245+0200][gc,phases     ] GC(4)   Other: 0,2ms
[2020-04-09T15:55:31.245+0200][gc,heap       ] GC(4) Eden regions: 20->0(49)
[2020-04-09T15:55:31.245+0200][gc,heap       ] GC(4) Survivor regions: 5->2(7)
[2020-04-09T15:55:31.245+0200][gc,heap       ] GC(4) Old regions: 7->12
[2020-04-09T15:55:31.245+0200][gc,heap       ] GC(4) Humongous regions: 129->129
[2020-04-09T15:55:31.245+0200][gc,metaspace  ] GC(4) Metaspace: 34181K->34181K(1079296K)
[2020-04-09T15:55:31.245+0200][gc            ] GC(4) Pause Young (Concurrent Start) (Metadata GC Threshold) 160M->141M(1024M) 5,760ms
[2020-04-09T15:55:31.245+0200][gc,cpu        ] GC(4) User=0,03s Sys=0,00s Real=0,00s
[2020-04-09T15:55:31.245+0200][gc            ] GC(5) Concurrent Cycle
[2020-04-09T15:55:31.245+0200][gc,marking    ] GC(5) Concurrent Clear Claimed Marks
[2020-04-09T15:55:31.245+0200][gc,marking    ] GC(5) Concurrent Clear Claimed Marks 0,080ms
[2020-04-09T15:55:31.245+0200][gc,marking    ] GC(5) Concurrent Scan Root Regions
[2020-04-09T15:55:31.246+0200][gc,marking    ] GC(5) Concurrent Scan Root Regions 1,375ms
[2020-04-09T15:55:31.246+0200][gc,marking    ] GC(5) Concurrent Mark (13,025s)
[2020-04-09T15:55:31.246+0200][gc,marking    ] GC(5) Concurrent Mark From Roots
[2020-04-09T15:55:31.246+0200][gc,task       ] GC(5) Using 2 workers of 2 for marking
[2020-04-09T15:55:31.258+0200][gc,marking    ] GC(5) Concurrent Mark From Roots 11,991ms
[2020-04-09T15:55:31.258+0200][gc,marking    ] GC(5) Concurrent Preclean
[2020-04-09T15:55:31.258+0200][gc,marking    ] GC(5) Concurrent Preclean 0,169ms
[2020-04-09T15:55:31.258+0200][gc,marking    ] GC(5) Concurrent Mark (13,025s, 13,038s) 12,207ms
[2020-04-09T15:55:31.258+0200][gc,start      ] GC(5) Pause Remark
[2020-04-09T15:55:31.262+0200][gc,stringtable] GC(5) Cleaned string and symbol table, strings: 14882 processed, 8 removed, symbols: 78545 processed, 28 removed
[2020-04-09T15:55:31.262+0200][gc            ] GC(5) Pause Remark 142M->142M(1024M) 3,280ms
[2020-04-09T15:55:31.262+0200][gc,cpu        ] GC(5) User=0,02s Sys=0,00s Real=0,00s
[2020-04-09T15:55:31.262+0200][gc,marking    ] GC(5) Concurrent Rebuild Remembered Sets
[2020-04-09T15:55:31.269+0200][gc,marking    ] GC(5) Concurrent Rebuild Remembered Sets 7,085ms
[2020-04-09T15:55:31.269+0200][gc,start      ] GC(5) Pause Cleanup
[2020-04-09T15:55:31.269+0200][gc            ] GC(5) Pause Cleanup 142M->142M(1024M) 0,168ms
[2020-04-09T15:55:31.269+0200][gc,cpu        ] GC(5) User=0,00s Sys=0,00s Real=0,00s
[2020-04-09T15:55:31.269+0200][gc,marking    ] GC(5) Concurrent Cleanup for Next Mark
[2020-04-09T15:55:31.274+0200][gc,marking    ] GC(5) Concurrent Cleanup for Next Mark 4,716ms
[2020-04-09T15:55:31.274+0200][gc            ] GC(5) Concurrent Cycle 29,413ms
[2020-04-09T15:58:37.874+0200][gc,start      ] GC(6) Pause Young (Normal) (G1 Evacuation Pause)
[2020-04-09T15:58:37.874+0200][gc,task       ] GC(6) Using 8 workers of 8 for evacuation
[2020-04-09T15:58:37.878+0200][gc,phases     ] GC(6)   Pre Evacuate Collection Set: 0,0ms
[2020-04-09T15:58:37.878+0200][gc,phases     ] GC(6)   Evacuate Collection Set: 3,5ms
[2020-04-09T15:58:37.878+0200][gc,phases     ] GC(6)   Post Evacuate Collection Set: 0,6ms
[2020-04-09T15:58:37.878+0200][gc,phases     ] GC(6)   Other: 0,1ms
[2020-04-09T15:58:37.878+0200][gc,heap       ] GC(6) Eden regions: 49->0(47)
[2020-04-09T15:58:37.878+0200][gc,heap       ] GC(6) Survivor regions: 2->4(7)
[2020-04-09T15:58:37.878+0200][gc,heap       ] GC(6) Old regions: 12->12
[2020-04-09T15:58:37.878+0200][gc,heap       ] GC(6) Humongous regions: 129->129
[2020-04-09T15:58:37.878+0200][gc,metaspace  ] GC(6) Metaspace: 39237K->39237K(1085440K)
[2020-04-09T15:58:37.878+0200][gc            ] GC(6) Pause Young (Normal) (G1 Evacuation Pause) 190M->144M(1024M) 4,344ms
[2020-04-09T15:58:37.878+0200][gc,cpu        ] GC(6) User=0,03s Sys=0,00s Real=0,01s
[2020-04-09T15:58:40.585+0200][gc,heap,exit  ] Heap
[2020-04-09T15:58:40.585+0200][gc,heap,exit  ]  garbage-first heap   total 1048576K, used 151567K [0x00000000c0000000, 0x0000000100000000)
[2020-04-09T15:58:40.585+0200][gc,heap,exit  ]   region size 1024K, 9 young (9216K), 4 survivors (4096K)
[2020-04-09T15:58:40.585+0200][gc,heap,exit  ]  Metaspace       used 39370K, capacity 41908K, committed 42268K, reserved 1085440K
[2020-04-09T15:58:40.585+0200][gc,heap,exit  ]   class space    used 5654K, capacity 6907K, committed 7020K, reserved 1048576K
