[2020-04-09T17:19:35.995+0200][gc,heap] Heap region size: 1M
[2020-04-09T17:19:36.005+0200][gc     ] Using G1
[2020-04-09T17:19:36.005+0200][gc,heap,coops] Heap address: 0x00000000c0000000, size: 1024 MB, Compressed Oops mode: 32-bit
[2020-04-09T17:19:36.989+0200][gc,start     ] GC(0) Pause Young (Normal) (G1 Evacuation Pause)
[2020-04-09T17:19:36.990+0200][gc,task      ] GC(0) Using 8 workers of 8 for evacuation
[2020-04-09T17:19:36.998+0200][gc,phases    ] GC(0)   Pre Evacuate Collection Set: 0,0ms
[2020-04-09T17:19:36.998+0200][gc,phases    ] GC(0)   Evacuate Collection Set: 7,9ms
[2020-04-09T17:19:36.998+0200][gc,phases    ] GC(0)   Post Evacuate Collection Set: 0,5ms
[2020-04-09T17:19:36.998+0200][gc,phases    ] GC(0)   Other: 0,9ms
[2020-04-09T17:19:36.998+0200][gc,heap      ] GC(0) Eden regions: 51->0(44)
[2020-04-09T17:19:36.998+0200][gc,heap      ] GC(0) Survivor regions: 0->7(7)
[2020-04-09T17:19:36.998+0200][gc,heap      ] GC(0) Old regions: 0->0
[2020-04-09T17:19:36.998+0200][gc,heap      ] GC(0) Humongous regions: 0->0
[2020-04-09T17:19:36.998+0200][gc,metaspace ] GC(0) Metaspace: 15968K->15968K(1062912K)
[2020-04-09T17:19:36.998+0200][gc           ] GC(0) Pause Young (Normal) (G1 Evacuation Pause) 51M->6M(1024M) 9,394ms
[2020-04-09T17:19:36.998+0200][gc,cpu       ] GC(0) User=0,05s Sys=0,01s Real=0,00s
[2020-04-09T17:19:37.207+0200][gc,start     ] GC(1) Pause Young (Concurrent Start) (Metadata GC Threshold)
[2020-04-09T17:19:37.207+0200][gc,task      ] GC(1) Using 8 workers of 8 for evacuation
[2020-04-09T17:19:37.214+0200][gc,phases    ] GC(1)   Pre Evacuate Collection Set: 0,0ms
[2020-04-09T17:19:37.214+0200][gc,phases    ] GC(1)   Evacuate Collection Set: 6,3ms
[2020-04-09T17:19:37.214+0200][gc,phases    ] GC(1)   Post Evacuate Collection Set: 0,4ms
[2020-04-09T17:19:37.214+0200][gc,phases    ] GC(1)   Other: 0,2ms
[2020-04-09T17:19:37.214+0200][gc,heap      ] GC(1) Eden regions: 18->0(49)
[2020-04-09T17:19:37.214+0200][gc,heap      ] GC(1) Survivor regions: 7->2(7)
[2020-04-09T17:19:37.214+0200][gc,heap      ] GC(1) Old regions: 0->7
[2020-04-09T17:19:37.214+0200][gc,heap      ] GC(1) Humongous regions: 0->0
[2020-04-09T17:19:37.214+0200][gc,metaspace ] GC(1) Metaspace: 20331K->20331K(1067008K)
[2020-04-09T17:19:37.215+0200][gc           ] GC(1) Pause Young (Concurrent Start) (Metadata GC Threshold) 24M->7M(1024M) 7,057ms
[2020-04-09T17:19:37.215+0200][gc,cpu       ] GC(1) User=0,02s Sys=0,01s Real=0,00s
[2020-04-09T17:19:37.215+0200][gc           ] GC(2) Concurrent Cycle
[2020-04-09T17:19:37.215+0200][gc,marking   ] GC(2) Concurrent Clear Claimed Marks
[2020-04-09T17:19:37.215+0200][gc,marking   ] GC(2) Concurrent Clear Claimed Marks 0,023ms
[2020-04-09T17:19:37.215+0200][gc,marking   ] GC(2) Concurrent Scan Root Regions
[2020-04-09T17:19:37.215+0200][gc,marking   ] GC(2) Concurrent Scan Root Regions 0,852ms
[2020-04-09T17:19:37.215+0200][gc,marking   ] GC(2) Concurrent Mark (1,225s)
[2020-04-09T17:19:37.215+0200][gc,marking   ] GC(2) Concurrent Mark From Roots
[2020-04-09T17:19:37.215+0200][gc,task      ] GC(2) Using 2 workers of 2 for marking
[2020-04-09T17:19:37.221+0200][gc,marking   ] GC(2) Concurrent Mark From Roots 5,656ms
[2020-04-09T17:19:37.221+0200][gc,marking   ] GC(2) Concurrent Preclean
[2020-04-09T17:19:37.221+0200][gc,marking   ] GC(2) Concurrent Preclean 0,155ms
[2020-04-09T17:19:37.221+0200][gc,marking   ] GC(2) Concurrent Mark (1,225s, 1,230s) 5,870ms
[2020-04-09T17:19:37.222+0200][gc,start     ] GC(2) Pause Remark
[2020-04-09T17:19:37.224+0200][gc,stringtable] GC(2) Cleaned string and symbol table, strings: 9126 processed, 0 removed, symbols: 50017 processed, 54 removed
[2020-04-09T17:19:37.224+0200][gc            ] GC(2) Pause Remark 8M->8M(1024M) 2,103ms
[2020-04-09T17:19:37.224+0200][gc,cpu        ] GC(2) User=0,01s Sys=0,00s Real=0,00s
[2020-04-09T17:19:37.224+0200][gc,marking    ] GC(2) Concurrent Rebuild Remembered Sets
[2020-04-09T17:19:37.227+0200][gc,marking    ] GC(2) Concurrent Rebuild Remembered Sets 3,373ms
[2020-04-09T17:19:37.227+0200][gc,start      ] GC(2) Pause Cleanup
[2020-04-09T17:19:37.228+0200][gc            ] GC(2) Pause Cleanup 8M->8M(1024M) 0,214ms
[2020-04-09T17:19:37.228+0200][gc,cpu        ] GC(2) User=0,00s Sys=0,00s Real=0,00s
[2020-04-09T17:19:37.228+0200][gc,marking    ] GC(2) Concurrent Cleanup for Next Mark
[2020-04-09T17:19:37.232+0200][gc,marking    ] GC(2) Concurrent Cleanup for Next Mark 4,428ms
[2020-04-09T17:19:37.232+0200][gc            ] GC(2) Concurrent Cycle 17,528ms
[2020-04-09T17:19:38.167+0200][gc,start      ] GC(3) Pause Young (Normal) (G1 Evacuation Pause)
[2020-04-09T17:19:38.168+0200][gc,task       ] GC(3) Using 8 workers of 8 for evacuation
[2020-04-09T17:19:38.172+0200][gc,phases     ] GC(3)   Pre Evacuate Collection Set: 0,0ms
[2020-04-09T17:19:38.172+0200][gc,phases     ] GC(3)   Evacuate Collection Set: 3,5ms
[2020-04-09T17:19:38.172+0200][gc,phases     ] GC(3)   Post Evacuate Collection Set: 0,5ms
[2020-04-09T17:19:38.172+0200][gc,phases     ] GC(3)   Other: 0,1ms
[2020-04-09T17:19:38.172+0200][gc,heap       ] GC(3) Eden regions: 49->0(46)
[2020-04-09T17:19:38.172+0200][gc,heap       ] GC(3) Survivor regions: 2->5(7)
[2020-04-09T17:19:38.172+0200][gc,heap       ] GC(3) Old regions: 7->7
[2020-04-09T17:19:38.172+0200][gc,heap       ] GC(3) Humongous regions: 129->129
[2020-04-09T17:19:38.172+0200][gc,metaspace  ] GC(3) Metaspace: 28585K->28585K(1075200K)
[2020-04-09T17:19:38.172+0200][gc            ] GC(3) Pause Young (Normal) (G1 Evacuation Pause) 185M->140M(1024M) 4,232ms
[2020-04-09T17:19:38.172+0200][gc,cpu        ] GC(3) User=0,03s Sys=0,00s Real=0,00s
[2020-04-09T17:19:38.377+0200][gc,start      ] GC(4) Pause Young (Concurrent Start) (Metadata GC Threshold)
[2020-04-09T17:19:38.377+0200][gc,task       ] GC(4) Using 8 workers of 8 for evacuation
[2020-04-09T17:19:38.384+0200][gc,phases     ] GC(4)   Pre Evacuate Collection Set: 0,1ms
[2020-04-09T17:19:38.384+0200][gc,phases     ] GC(4)   Evacuate Collection Set: 6,5ms
[2020-04-09T17:19:38.384+0200][gc,phases     ] GC(4)   Post Evacuate Collection Set: 0,4ms
[2020-04-09T17:19:38.384+0200][gc,phases     ] GC(4)   Other: 0,2ms
[2020-04-09T17:19:38.384+0200][gc,heap       ] GC(4) Eden regions: 25->0(49)
[2020-04-09T17:19:38.384+0200][gc,heap       ] GC(4) Survivor regions: 5->2(7)
[2020-04-09T17:19:38.384+0200][gc,heap       ] GC(4) Old regions: 7->12
[2020-04-09T17:19:38.384+0200][gc,heap       ] GC(4) Humongous regions: 129->129
[2020-04-09T17:19:38.384+0200][gc,metaspace  ] GC(4) Metaspace: 33901K->33901K(1079296K)
[2020-04-09T17:19:38.384+0200][gc            ] GC(4) Pause Young (Concurrent Start) (Metadata GC Threshold) 164M->141M(1024M) 7,212ms
[2020-04-09T17:19:38.384+0200][gc,cpu        ] GC(4) User=0,04s Sys=0,00s Real=0,01s
[2020-04-09T17:19:38.384+0200][gc            ] GC(5) Concurrent Cycle
[2020-04-09T17:19:38.384+0200][gc,marking    ] GC(5) Concurrent Clear Claimed Marks
[2020-04-09T17:19:38.384+0200][gc,marking    ] GC(5) Concurrent Clear Claimed Marks 0,043ms
[2020-04-09T17:19:38.384+0200][gc,marking    ] GC(5) Concurrent Scan Root Regions
[2020-04-09T17:19:38.385+0200][gc,marking    ] GC(5) Concurrent Scan Root Regions 0,999ms
[2020-04-09T17:19:38.385+0200][gc,marking    ] GC(5) Concurrent Mark (2,394s)
[2020-04-09T17:19:38.385+0200][gc,marking    ] GC(5) Concurrent Mark From Roots
[2020-04-09T17:19:38.385+0200][gc,task       ] GC(5) Using 2 workers of 2 for marking
[2020-04-09T17:19:38.400+0200][gc,marking    ] GC(5) Concurrent Mark From Roots 15,150ms
[2020-04-09T17:19:38.400+0200][gc,marking    ] GC(5) Concurrent Preclean
[2020-04-09T17:19:38.400+0200][gc,marking    ] GC(5) Concurrent Preclean 0,224ms
[2020-04-09T17:19:38.400+0200][gc,marking    ] GC(5) Concurrent Mark (2,394s, 2,410s) 15,429ms
[2020-04-09T17:19:38.401+0200][gc,start      ] GC(5) Pause Remark
[2020-04-09T17:19:38.407+0200][gc,stringtable] GC(5) Cleaned string and symbol table, strings: 15038 processed, 9 removed, symbols: 77813 processed, 27 removed
[2020-04-09T17:19:38.408+0200][gc            ] GC(5) Pause Remark 143M->143M(1024M) 6,113ms
[2020-04-09T17:19:38.408+0200][gc,cpu        ] GC(5) User=0,04s Sys=0,00s Real=0,01s
[2020-04-09T17:19:38.408+0200][gc,marking    ] GC(5) Concurrent Rebuild Remembered Sets
[2020-04-09T17:19:38.415+0200][gc,marking    ] GC(5) Concurrent Rebuild Remembered Sets 7,027ms
[2020-04-09T17:19:38.415+0200][gc,start      ] GC(5) Pause Cleanup
[2020-04-09T17:19:38.415+0200][gc            ] GC(5) Pause Cleanup 143M->143M(1024M) 0,265ms
[2020-04-09T17:19:38.415+0200][gc,cpu        ] GC(5) User=0,00s Sys=0,00s Real=0,00s
[2020-04-09T17:19:38.415+0200][gc,marking    ] GC(5) Concurrent Cleanup for Next Mark
[2020-04-09T17:19:38.420+0200][gc,marking    ] GC(5) Concurrent Cleanup for Next Mark 4,422ms
[2020-04-09T17:19:38.420+0200][gc            ] GC(5) Concurrent Cycle 35,668ms
[2020-04-10T10:08:03.303+0200][gc,start      ] GC(6) Pause Young (Normal) (G1 Evacuation Pause)
[2020-04-10T10:08:03.304+0200][gc,task       ] GC(6) Using 8 workers of 8 for evacuation
[2020-04-10T10:08:03.314+0200][gc,phases     ] GC(6)   Pre Evacuate Collection Set: 0,1ms
[2020-04-10T10:08:03.314+0200][gc,phases     ] GC(6)   Evacuate Collection Set: 8,6ms
[2020-04-10T10:08:03.314+0200][gc,phases     ] GC(6)   Post Evacuate Collection Set: 0,8ms
[2020-04-10T10:08:03.314+0200][gc,phases     ] GC(6)   Other: 0,7ms
[2020-04-10T10:08:03.314+0200][gc,heap       ] GC(6) Eden regions: 49->0(47)
[2020-04-10T10:08:03.314+0200][gc,heap       ] GC(6) Survivor regions: 2->4(7)
[2020-04-10T10:08:03.314+0200][gc,heap       ] GC(6) Old regions: 12->12
[2020-04-10T10:08:03.314+0200][gc,heap       ] GC(6) Humongous regions: 135->129
[2020-04-10T10:08:03.314+0200][gc,metaspace  ] GC(6) Metaspace: 39015K->39015K(1083392K)
[2020-04-10T10:08:03.314+0200][gc            ] GC(6) Pause Young (Normal) (G1 Evacuation Pause) 196M->143M(1024M) 10,207ms
[2020-04-10T10:08:03.314+0200][gc,cpu        ] GC(6) User=0,06s Sys=0,00s Real=0,01s
[2020-04-10T20:51:50.605+0200][gc,start      ] GC(7) Pause Young (Normal) (G1 Evacuation Pause)
[2020-04-10T20:51:50.605+0200][gc,task       ] GC(7) Using 8 workers of 8 for evacuation
[2020-04-10T20:51:50.610+0200][gc,phases     ] GC(7)   Pre Evacuate Collection Set: 0,0ms
[2020-04-10T20:51:50.610+0200][gc,phases     ] GC(7)   Evacuate Collection Set: 5,0ms
[2020-04-10T20:51:50.610+0200][gc,phases     ] GC(7)   Post Evacuate Collection Set: 0,5ms
[2020-04-10T20:51:50.610+0200][gc,phases     ] GC(7)   Other: 0,2ms
[2020-04-10T20:51:50.610+0200][gc,heap       ] GC(7) Eden regions: 47->0(46)
[2020-04-10T20:51:50.610+0200][gc,heap       ] GC(7) Survivor regions: 4->5(7)
[2020-04-10T20:51:50.610+0200][gc,heap       ] GC(7) Old regions: 12->12
[2020-04-10T20:51:50.610+0200][gc,heap       ] GC(7) Humongous regions: 129->129
[2020-04-10T20:51:50.610+0200][gc,metaspace  ] GC(7) Metaspace: 39737K->39737K(1085440K)
[2020-04-10T20:51:50.610+0200][gc            ] GC(7) Pause Young (Normal) (G1 Evacuation Pause) 190M->144M(1024M) 5,846ms
[2020-04-10T20:51:50.610+0200][gc,cpu        ] GC(7) User=0,03s Sys=0,00s Real=0,01s
[2020-04-10T20:51:54.180+0200][gc,heap,exit  ] Heap
[2020-04-10T20:51:54.180+0200][gc,heap,exit  ]  garbage-first heap   total 1048576K, used 155887K [0x00000000c0000000, 0x0000000100000000)
[2020-04-10T20:51:54.180+0200][gc,heap,exit  ]   region size 1024K, 14 young (14336K), 5 survivors (5120K)
[2020-04-10T20:51:54.180+0200][gc,heap,exit  ]  Metaspace       used 40353K, capacity 43021K, committed 43136K, reserved 1085440K
[2020-04-10T20:51:54.180+0200][gc,heap,exit  ]   class space    used 5725K, capacity 7017K, committed 7040K, reserved 1048576K
