[2020-04-09T16:43:55.886+0200][gc,heap] Heap region size: 1M
[2020-04-09T16:43:55.898+0200][gc     ] Using G1
[2020-04-09T16:43:55.898+0200][gc,heap,coops] Heap address: 0x00000000c0000000, size: 1024 MB, Compressed Oops mode: 32-bit
[2020-04-09T16:43:56.961+0200][gc,start     ] GC(0) Pause Young (Normal) (G1 Evacuation Pause)
[2020-04-09T16:43:56.962+0200][gc,task      ] GC(0) Using 8 workers of 8 for evacuation
[2020-04-09T16:43:56.967+0200][gc,phases    ] GC(0)   Pre Evacuate Collection Set: 0,0ms
[2020-04-09T16:43:56.967+0200][gc,phases    ] GC(0)   Evacuate Collection Set: 4,7ms
[2020-04-09T16:43:56.967+0200][gc,phases    ] GC(0)   Post Evacuate Collection Set: 0,4ms
[2020-04-09T16:43:56.967+0200][gc,phases    ] GC(0)   Other: 1,0ms
[2020-04-09T16:43:56.967+0200][gc,heap      ] GC(0) Eden regions: 51->0(44)
[2020-04-09T16:43:56.967+0200][gc,heap      ] GC(0) Survivor regions: 0->7(7)
[2020-04-09T16:43:56.967+0200][gc,heap      ] GC(0) Old regions: 0->0
[2020-04-09T16:43:56.967+0200][gc,heap      ] GC(0) Humongous regions: 0->0
[2020-04-09T16:43:56.967+0200][gc,metaspace ] GC(0) Metaspace: 15945K->15945K(1062912K)
[2020-04-09T16:43:56.967+0200][gc           ] GC(0) Pause Young (Normal) (G1 Evacuation Pause) 51M->6M(1024M) 6,252ms
[2020-04-09T16:43:56.967+0200][gc,cpu       ] GC(0) User=0,03s Sys=0,00s Real=0,01s
[2020-04-09T16:43:57.173+0200][gc,start     ] GC(1) Pause Young (Concurrent Start) (Metadata GC Threshold)
[2020-04-09T16:43:57.173+0200][gc,task      ] GC(1) Using 8 workers of 8 for evacuation
[2020-04-09T16:43:57.180+0200][gc,phases    ] GC(1)   Pre Evacuate Collection Set: 0,1ms
[2020-04-09T16:43:57.180+0200][gc,phases    ] GC(1)   Evacuate Collection Set: 6,1ms
[2020-04-09T16:43:57.180+0200][gc,phases    ] GC(1)   Post Evacuate Collection Set: 0,5ms
[2020-04-09T16:43:57.180+0200][gc,phases    ] GC(1)   Other: 0,3ms
[2020-04-09T16:43:57.180+0200][gc,heap      ] GC(1) Eden regions: 18->0(50)
[2020-04-09T16:43:57.180+0200][gc,heap      ] GC(1) Survivor regions: 7->1(7)
[2020-04-09T16:43:57.180+0200][gc,heap      ] GC(1) Old regions: 0->7
[2020-04-09T16:43:57.180+0200][gc,heap      ] GC(1) Humongous regions: 0->0
[2020-04-09T16:43:57.180+0200][gc,metaspace ] GC(1) Metaspace: 20320K->20320K(1067008K)
[2020-04-09T16:43:57.180+0200][gc           ] GC(1) Pause Young (Concurrent Start) (Metadata GC Threshold) 24M->7M(1024M) 6,933ms
[2020-04-09T16:43:57.180+0200][gc,cpu       ] GC(1) User=0,03s Sys=0,01s Real=0,01s
[2020-04-09T16:43:57.180+0200][gc           ] GC(2) Concurrent Cycle
[2020-04-09T16:43:57.180+0200][gc,marking   ] GC(2) Concurrent Clear Claimed Marks
[2020-04-09T16:43:57.180+0200][gc,marking   ] GC(2) Concurrent Clear Claimed Marks 0,017ms
[2020-04-09T16:43:57.180+0200][gc,marking   ] GC(2) Concurrent Scan Root Regions
[2020-04-09T16:43:57.181+0200][gc,marking   ] GC(2) Concurrent Scan Root Regions 0,884ms
[2020-04-09T16:43:57.181+0200][gc,marking   ] GC(2) Concurrent Mark (1,298s)
[2020-04-09T16:43:57.181+0200][gc,marking   ] GC(2) Concurrent Mark From Roots
[2020-04-09T16:43:57.181+0200][gc,task      ] GC(2) Using 2 workers of 2 for marking
[2020-04-09T16:43:57.187+0200][gc,marking   ] GC(2) Concurrent Mark From Roots 5,279ms
[2020-04-09T16:43:57.187+0200][gc,marking   ] GC(2) Concurrent Preclean
[2020-04-09T16:43:57.187+0200][gc,marking   ] GC(2) Concurrent Preclean 0,127ms
[2020-04-09T16:43:57.187+0200][gc,marking   ] GC(2) Concurrent Mark (1,298s, 1,304s) 5,447ms
[2020-04-09T16:43:57.187+0200][gc,start     ] GC(2) Pause Remark
[2020-04-09T16:43:57.190+0200][gc,stringtable] GC(2) Cleaned string and symbol table, strings: 9132 processed, 0 removed, symbols: 50035 processed, 54 removed
[2020-04-09T16:43:57.190+0200][gc            ] GC(2) Pause Remark 8M->8M(1024M) 3,247ms
[2020-04-09T16:43:57.190+0200][gc,cpu        ] GC(2) User=0,01s Sys=0,00s Real=0,00s
[2020-04-09T16:43:57.190+0200][gc,marking    ] GC(2) Concurrent Rebuild Remembered Sets
[2020-04-09T16:43:57.193+0200][gc,marking    ] GC(2) Concurrent Rebuild Remembered Sets 3,207ms
[2020-04-09T16:43:57.194+0200][gc,start      ] GC(2) Pause Cleanup
[2020-04-09T16:43:57.194+0200][gc            ] GC(2) Pause Cleanup 8M->8M(1024M) 0,183ms
[2020-04-09T16:43:57.194+0200][gc,cpu        ] GC(2) User=0,00s Sys=0,00s Real=0,00s
[2020-04-09T16:43:57.194+0200][gc,marking    ] GC(2) Concurrent Cleanup for Next Mark
[2020-04-09T16:43:57.198+0200][gc,marking    ] GC(2) Concurrent Cleanup for Next Mark 4,251ms
[2020-04-09T16:43:57.198+0200][gc            ] GC(2) Concurrent Cycle 17,634ms
[2020-04-09T16:43:58.133+0200][gc,start      ] GC(3) Pause Young (Normal) (G1 Evacuation Pause)
[2020-04-09T16:43:58.133+0200][gc,task       ] GC(3) Using 8 workers of 8 for evacuation
[2020-04-09T16:43:58.137+0200][gc,phases     ] GC(3)   Pre Evacuate Collection Set: 0,0ms
[2020-04-09T16:43:58.137+0200][gc,phases     ] GC(3)   Evacuate Collection Set: 3,5ms
[2020-04-09T16:43:58.137+0200][gc,phases     ] GC(3)   Post Evacuate Collection Set: 0,5ms
[2020-04-09T16:43:58.137+0200][gc,phases     ] GC(3)   Other: 0,1ms
[2020-04-09T16:43:58.137+0200][gc,heap       ] GC(3) Eden regions: 50->0(46)
[2020-04-09T16:43:58.137+0200][gc,heap       ] GC(3) Survivor regions: 1->5(7)
[2020-04-09T16:43:58.137+0200][gc,heap       ] GC(3) Old regions: 7->7
[2020-04-09T16:43:58.137+0200][gc,heap       ] GC(3) Humongous regions: 129->129
[2020-04-09T16:43:58.137+0200][gc,metaspace  ] GC(3) Metaspace: 28868K->28868K(1075200K)
[2020-04-09T16:43:58.137+0200][gc            ] GC(3) Pause Young (Normal) (G1 Evacuation Pause) 186M->140M(1024M) 4,210ms
[2020-04-09T16:43:58.137+0200][gc,cpu        ] GC(3) User=0,02s Sys=0,00s Real=0,00s
[2020-04-09T16:43:58.332+0200][gc,start      ] GC(4) Pause Young (Concurrent Start) (Metadata GC Threshold)
[2020-04-09T16:43:58.332+0200][gc,task       ] GC(4) Using 8 workers of 8 for evacuation
[2020-04-09T16:43:58.340+0200][gc,phases     ] GC(4)   Pre Evacuate Collection Set: 0,1ms
[2020-04-09T16:43:58.340+0200][gc,phases     ] GC(4)   Evacuate Collection Set: 6,8ms
[2020-04-09T16:43:58.340+0200][gc,phases     ] GC(4)   Post Evacuate Collection Set: 0,4ms
[2020-04-09T16:43:58.340+0200][gc,phases     ] GC(4)   Other: 0,2ms
[2020-04-09T16:43:58.340+0200][gc,heap       ] GC(4) Eden regions: 24->0(49)
[2020-04-09T16:43:58.340+0200][gc,heap       ] GC(4) Survivor regions: 5->2(7)
[2020-04-09T16:43:58.340+0200][gc,heap       ] GC(4) Old regions: 7->12
[2020-04-09T16:43:58.340+0200][gc,heap       ] GC(4) Humongous regions: 129->129
[2020-04-09T16:43:58.340+0200][gc,metaspace  ] GC(4) Metaspace: 33896K->33896K(1079296K)
[2020-04-09T16:43:58.340+0200][gc            ] GC(4) Pause Young (Concurrent Start) (Metadata GC Threshold) 164M->142M(1024M) 7,713ms
[2020-04-09T16:43:58.340+0200][gc,cpu        ] GC(4) User=0,05s Sys=0,00s Real=0,01s
[2020-04-09T16:43:58.340+0200][gc            ] GC(5) Concurrent Cycle
[2020-04-09T16:43:58.340+0200][gc,marking    ] GC(5) Concurrent Clear Claimed Marks
[2020-04-09T16:43:58.340+0200][gc,marking    ] GC(5) Concurrent Clear Claimed Marks 0,087ms
[2020-04-09T16:43:58.340+0200][gc,marking    ] GC(5) Concurrent Scan Root Regions
[2020-04-09T16:43:58.341+0200][gc,marking    ] GC(5) Concurrent Scan Root Regions 1,407ms
[2020-04-09T16:43:58.341+0200][gc,marking    ] GC(5) Concurrent Mark (2,458s)
[2020-04-09T16:43:58.341+0200][gc,marking    ] GC(5) Concurrent Mark From Roots
[2020-04-09T16:43:58.341+0200][gc,task       ] GC(5) Using 2 workers of 2 for marking
[2020-04-09T16:43:58.356+0200][gc,marking    ] GC(5) Concurrent Mark From Roots 15,127ms
[2020-04-09T16:43:58.356+0200][gc,marking    ] GC(5) Concurrent Preclean
[2020-04-09T16:43:58.357+0200][gc,marking    ] GC(5) Concurrent Preclean 0,233ms
[2020-04-09T16:43:58.357+0200][gc,marking    ] GC(5) Concurrent Mark (2,458s, 2,473s) 15,423ms
[2020-04-09T16:43:58.357+0200][gc,start      ] GC(5) Pause Remark
[2020-04-09T16:43:58.360+0200][gc,stringtable] GC(5) Cleaned string and symbol table, strings: 15049 processed, 9 removed, symbols: 77813 processed, 27 removed
[2020-04-09T16:43:58.361+0200][gc            ] GC(5) Pause Remark 143M->143M(1024M) 3,799ms
[2020-04-09T16:43:58.361+0200][gc,cpu        ] GC(5) User=0,03s Sys=0,00s Real=0,01s
[2020-04-09T16:43:58.361+0200][gc,marking    ] GC(5) Concurrent Rebuild Remembered Sets
[2020-04-09T16:43:58.370+0200][gc,marking    ] GC(5) Concurrent Rebuild Remembered Sets 9,195ms
[2020-04-09T16:43:58.371+0200][gc,start      ] GC(5) Pause Cleanup
[2020-04-09T16:43:58.371+0200][gc            ] GC(5) Pause Cleanup 144M->144M(1024M) 0,181ms
[2020-04-09T16:43:58.371+0200][gc,cpu        ] GC(5) User=0,00s Sys=0,00s Real=0,00s
[2020-04-09T16:43:58.371+0200][gc,marking    ] GC(5) Concurrent Cleanup for Next Mark
[2020-04-09T16:43:58.375+0200][gc,marking    ] GC(5) Concurrent Cleanup for Next Mark 4,602ms
[2020-04-09T16:43:58.376+0200][gc            ] GC(5) Concurrent Cycle 35,784ms
[2020-04-09T16:48:12.217+0200][gc,heap,exit  ] Heap
[2020-04-09T16:48:12.217+0200][gc,heap,exit  ]  garbage-first heap   total 1048576K, used 186430K [0x00000000c0000000, 0x0000000100000000)
[2020-04-09T16:48:12.217+0200][gc,heap,exit  ]   region size 1024K, 38 young (38912K), 2 survivors (2048K)
[2020-04-09T16:48:12.217+0200][gc,heap,exit  ]  Metaspace       used 37018K, capacity 39122K, committed 39296K, reserved 1083392K
[2020-04-09T16:48:12.217+0200][gc,heap,exit  ]   class space    used 5167K, capacity 6189K, committed 6272K, reserved 1048576K
