[2020-04-09T15:58:53.543+0200][gc,heap] Heap region size: 1M
[2020-04-09T15:58:53.552+0200][gc     ] Using G1
[2020-04-09T15:58:53.552+0200][gc,heap,coops] Heap address: 0x00000000c0000000, size: 1024 MB, Compressed Oops mode: 32-bit
[2020-04-09T15:58:54.622+0200][gc,start     ] GC(0) Pause Young (Normal) (G1 Evacuation Pause)
[2020-04-09T15:58:54.623+0200][gc,task      ] GC(0) Using 8 workers of 8 for evacuation
[2020-04-09T15:58:54.633+0200][gc,phases    ] GC(0)   Pre Evacuate Collection Set: 0,0ms
[2020-04-09T15:58:54.633+0200][gc,phases    ] GC(0)   Evacuate Collection Set: 8,7ms
[2020-04-09T15:58:54.633+0200][gc,phases    ] GC(0)   Post Evacuate Collection Set: 0,5ms
[2020-04-09T15:58:54.633+0200][gc,phases    ] GC(0)   Other: 1,2ms
[2020-04-09T15:58:54.633+0200][gc,heap      ] GC(0) Eden regions: 51->0(44)
[2020-04-09T15:58:54.633+0200][gc,heap      ] GC(0) Survivor regions: 0->7(7)
[2020-04-09T15:58:54.633+0200][gc,heap      ] GC(0) Old regions: 0->0
[2020-04-09T15:58:54.633+0200][gc,heap      ] GC(0) Humongous regions: 0->0
[2020-04-09T15:58:54.633+0200][gc,metaspace ] GC(0) Metaspace: 15912K->15912K(1062912K)
[2020-04-09T15:58:54.633+0200][gc           ] GC(0) Pause Young (Normal) (G1 Evacuation Pause) 51M->6M(1024M) 10,547ms
[2020-04-09T15:58:54.633+0200][gc,cpu       ] GC(0) User=0,05s Sys=0,00s Real=0,01s
[2020-04-09T15:58:54.894+0200][gc,start     ] GC(1) Pause Young (Concurrent Start) (Metadata GC Threshold)
[2020-04-09T15:58:54.894+0200][gc,task      ] GC(1) Using 8 workers of 8 for evacuation
[2020-04-09T15:58:54.902+0200][gc,phases    ] GC(1)   Pre Evacuate Collection Set: 0,1ms
[2020-04-09T15:58:54.902+0200][gc,phases    ] GC(1)   Evacuate Collection Set: 6,9ms
[2020-04-09T15:58:54.902+0200][gc,phases    ] GC(1)   Post Evacuate Collection Set: 0,4ms
[2020-04-09T15:58:54.902+0200][gc,phases    ] GC(1)   Other: 0,2ms
[2020-04-09T15:58:54.902+0200][gc,heap      ] GC(1) Eden regions: 18->0(49)
[2020-04-09T15:58:54.902+0200][gc,heap      ] GC(1) Survivor regions: 7->2(7)
[2020-04-09T15:58:54.902+0200][gc,heap      ] GC(1) Old regions: 0->7
[2020-04-09T15:58:54.902+0200][gc,heap      ] GC(1) Humongous regions: 0->0
[2020-04-09T15:58:54.902+0200][gc,metaspace ] GC(1) Metaspace: 20316K->20316K(1067008K)
[2020-04-09T15:58:54.902+0200][gc           ] GC(1) Pause Young (Concurrent Start) (Metadata GC Threshold) 24M->7M(1024M) 7,678ms
[2020-04-09T15:58:54.902+0200][gc,cpu       ] GC(1) User=0,03s Sys=0,00s Real=0,01s
[2020-04-09T15:58:54.902+0200][gc           ] GC(2) Concurrent Cycle
[2020-04-09T15:58:54.902+0200][gc,marking   ] GC(2) Concurrent Clear Claimed Marks
[2020-04-09T15:58:54.902+0200][gc,marking   ] GC(2) Concurrent Clear Claimed Marks 0,020ms
[2020-04-09T15:58:54.902+0200][gc,marking   ] GC(2) Concurrent Scan Root Regions
[2020-04-09T15:58:54.903+0200][gc,marking   ] GC(2) Concurrent Scan Root Regions 1,121ms
[2020-04-09T15:58:54.903+0200][gc,marking   ] GC(2) Concurrent Mark (1,364s)
[2020-04-09T15:58:54.903+0200][gc,marking   ] GC(2) Concurrent Mark From Roots
[2020-04-09T15:58:54.903+0200][gc,task      ] GC(2) Using 2 workers of 2 for marking
[2020-04-09T15:58:54.910+0200][gc,marking   ] GC(2) Concurrent Mark From Roots 6,892ms
[2020-04-09T15:58:54.910+0200][gc,marking   ] GC(2) Concurrent Preclean
[2020-04-09T15:58:54.910+0200][gc,marking   ] GC(2) Concurrent Preclean 0,170ms
[2020-04-09T15:58:54.910+0200][gc,marking   ] GC(2) Concurrent Mark (1,364s, 1,371s) 7,115ms
[2020-04-09T15:58:54.911+0200][gc,start     ] GC(2) Pause Remark
[2020-04-09T15:58:54.913+0200][gc,stringtable] GC(2) Cleaned string and symbol table, strings: 9121 processed, 0 removed, symbols: 50017 processed, 54 removed
[2020-04-09T15:58:54.913+0200][gc            ] GC(2) Pause Remark 8M->8M(1024M) 2,199ms
[2020-04-09T15:58:54.913+0200][gc,cpu        ] GC(2) User=0,01s Sys=0,00s Real=0,00s
[2020-04-09T15:58:54.913+0200][gc,marking    ] GC(2) Concurrent Rebuild Remembered Sets
[2020-04-09T15:58:54.917+0200][gc,marking    ] GC(2) Concurrent Rebuild Remembered Sets 3,672ms
[2020-04-09T15:58:54.917+0200][gc,start      ] GC(2) Pause Cleanup
[2020-04-09T15:58:54.917+0200][gc            ] GC(2) Pause Cleanup 8M->8M(1024M) 0,225ms
[2020-04-09T15:58:54.917+0200][gc,cpu        ] GC(2) User=0,00s Sys=0,00s Real=0,00s
[2020-04-09T15:58:54.917+0200][gc,marking    ] GC(2) Concurrent Cleanup for Next Mark
[2020-04-09T15:58:54.923+0200][gc,marking    ] GC(2) Concurrent Cleanup for Next Mark 5,294ms
[2020-04-09T15:58:54.923+0200][gc            ] GC(2) Concurrent Cycle 20,813ms
[2020-04-09T15:58:56.018+0200][gc,start      ] GC(3) Pause Young (Normal) (G1 Evacuation Pause)
[2020-04-09T15:58:56.018+0200][gc,task       ] GC(3) Using 8 workers of 8 for evacuation
[2020-04-09T15:58:56.023+0200][gc,phases     ] GC(3)   Pre Evacuate Collection Set: 0,0ms
[2020-04-09T15:58:56.023+0200][gc,phases     ] GC(3)   Evacuate Collection Set: 4,5ms
[2020-04-09T15:58:56.023+0200][gc,phases     ] GC(3)   Post Evacuate Collection Set: 0,5ms
[2020-04-09T15:58:56.023+0200][gc,phases     ] GC(3)   Other: 0,1ms
[2020-04-09T15:58:56.023+0200][gc,heap       ] GC(3) Eden regions: 49->0(46)
[2020-04-09T15:58:56.023+0200][gc,heap       ] GC(3) Survivor regions: 2->5(7)
[2020-04-09T15:58:56.023+0200][gc,heap       ] GC(3) Old regions: 7->7
[2020-04-09T15:58:56.023+0200][gc,heap       ] GC(3) Humongous regions: 129->129
[2020-04-09T15:58:56.023+0200][gc,metaspace  ] GC(3) Metaspace: 28563K->28563K(1075200K)
[2020-04-09T15:58:56.023+0200][gc            ] GC(3) Pause Young (Normal) (G1 Evacuation Pause) 185M->140M(1024M) 5,216ms
[2020-04-09T15:58:56.023+0200][gc,cpu        ] GC(3) User=0,03s Sys=0,00s Real=0,01s
[2020-04-09T15:58:56.305+0200][gc,start      ] GC(4) Pause Young (Concurrent Start) (Metadata GC Threshold)
[2020-04-09T15:58:56.305+0200][gc,task       ] GC(4) Using 8 workers of 8 for evacuation
[2020-04-09T15:58:56.313+0200][gc,phases     ] GC(4)   Pre Evacuate Collection Set: 0,1ms
[2020-04-09T15:58:56.313+0200][gc,phases     ] GC(4)   Evacuate Collection Set: 8,2ms
[2020-04-09T15:58:56.313+0200][gc,phases     ] GC(4)   Post Evacuate Collection Set: 0,4ms
[2020-04-09T15:58:56.313+0200][gc,phases     ] GC(4)   Other: 0,2ms
[2020-04-09T15:58:56.313+0200][gc,heap       ] GC(4) Eden regions: 27->0(49)
[2020-04-09T15:58:56.313+0200][gc,heap       ] GC(4) Survivor regions: 5->2(7)
[2020-04-09T15:58:56.313+0200][gc,heap       ] GC(4) Old regions: 7->12
[2020-04-09T15:58:56.313+0200][gc,heap       ] GC(4) Humongous regions: 129->129
[2020-04-09T15:58:56.313+0200][gc,metaspace  ] GC(4) Metaspace: 34032K->34032K(1079296K)
[2020-04-09T15:58:56.314+0200][gc            ] GC(4) Pause Young (Concurrent Start) (Metadata GC Threshold) 166M->142M(1024M) 9,011ms
[2020-04-09T15:58:56.314+0200][gc,cpu        ] GC(4) User=0,05s Sys=0,00s Real=0,01s
[2020-04-09T15:58:56.314+0200][gc            ] GC(5) Concurrent Cycle
[2020-04-09T15:58:56.314+0200][gc,marking    ] GC(5) Concurrent Clear Claimed Marks
[2020-04-09T15:58:56.314+0200][gc,marking    ] GC(5) Concurrent Clear Claimed Marks 0,073ms
[2020-04-09T15:58:56.314+0200][gc,marking    ] GC(5) Concurrent Scan Root Regions
[2020-04-09T15:58:56.315+0200][gc,marking    ] GC(5) Concurrent Scan Root Regions 1,084ms
[2020-04-09T15:58:56.315+0200][gc,marking    ] GC(5) Concurrent Mark (2,775s)
[2020-04-09T15:58:56.315+0200][gc,marking    ] GC(5) Concurrent Mark From Roots
[2020-04-09T15:58:56.315+0200][gc,task       ] GC(5) Using 2 workers of 2 for marking
[2020-04-09T15:58:56.326+0200][gc,marking    ] GC(5) Concurrent Mark From Roots 11,673ms
[2020-04-09T15:58:56.326+0200][gc,marking    ] GC(5) Concurrent Preclean
[2020-04-09T15:58:56.327+0200][gc,marking    ] GC(5) Concurrent Preclean 0,234ms
[2020-04-09T15:58:56.327+0200][gc,marking    ] GC(5) Concurrent Mark (2,775s, 2,787s) 11,973ms
[2020-04-09T15:58:56.327+0200][gc,start      ] GC(5) Pause Remark
[2020-04-09T15:58:56.343+0200][gc,stringtable] GC(5) Cleaned string and symbol table, strings: 15049 processed, 9 removed, symbols: 78338 processed, 26 removed
[2020-04-09T15:58:56.344+0200][gc            ] GC(5) Pause Remark 142M->142M(1024M) 16,544ms
[2020-04-09T15:58:56.344+0200][gc,cpu        ] GC(5) User=0,11s Sys=0,00s Real=0,01s
[2020-04-09T15:58:56.344+0200][gc,marking    ] GC(5) Concurrent Rebuild Remembered Sets
[2020-04-09T15:58:56.351+0200][gc,marking    ] GC(5) Concurrent Rebuild Remembered Sets 6,945ms
[2020-04-09T15:58:56.351+0200][gc,start      ] GC(5) Pause Cleanup
[2020-04-09T15:58:56.351+0200][gc            ] GC(5) Pause Cleanup 143M->143M(1024M) 0,284ms
[2020-04-09T15:58:56.351+0200][gc,cpu        ] GC(5) User=0,00s Sys=0,00s Real=0,00s
[2020-04-09T15:58:56.351+0200][gc,marking    ] GC(5) Concurrent Cleanup for Next Mark
[2020-04-09T15:58:56.357+0200][gc,marking    ] GC(5) Concurrent Cleanup for Next Mark 6,070ms
[2020-04-09T15:58:56.357+0200][gc            ] GC(5) Concurrent Cycle 43,649ms
[2020-04-09T15:59:25.907+0200][gc,heap,exit  ] Heap
[2020-04-09T15:59:25.907+0200][gc,heap,exit  ]  garbage-first heap   total 1048576K, used 175142K [0x00000000c0000000, 0x0000000100000000)
[2020-04-09T15:59:25.907+0200][gc,heap,exit  ]   region size 1024K, 27 young (27648K), 2 survivors (2048K)
[2020-04-09T15:59:25.907+0200][gc,heap,exit  ]  Metaspace       used 36538K, capacity 38610K, committed 38912K, reserved 1081344K
[2020-04-09T15:59:25.907+0200][gc,heap,exit  ]   class space    used 5102K, capacity 6094K, committed 6144K, reserved 1048576K
