[2020-04-09T16:48:36.665+0200][gc,heap] Heap region size: 1M
[2020-04-09T16:48:36.673+0200][gc     ] Using G1
[2020-04-09T16:48:36.673+0200][gc,heap,coops] Heap address: 0x00000000c0000000, size: 1024 MB, Compressed Oops mode: 32-bit
[2020-04-09T16:48:37.849+0200][gc,start     ] GC(0) Pause Young (Normal) (G1 Evacuation Pause)
[2020-04-09T16:48:37.850+0200][gc,task      ] GC(0) Using 8 workers of 8 for evacuation
[2020-04-09T16:48:37.855+0200][gc,phases    ] GC(0)   Pre Evacuate Collection Set: 0,0ms
[2020-04-09T16:48:37.855+0200][gc,phases    ] GC(0)   Evacuate Collection Set: 4,5ms
[2020-04-09T16:48:37.855+0200][gc,phases    ] GC(0)   Post Evacuate Collection Set: 0,4ms
[2020-04-09T16:48:37.855+0200][gc,phases    ] GC(0)   Other: 1,0ms
[2020-04-09T16:48:37.855+0200][gc,heap      ] GC(0) Eden regions: 51->0(44)
[2020-04-09T16:48:37.855+0200][gc,heap      ] GC(0) Survivor regions: 0->7(7)
[2020-04-09T16:48:37.855+0200][gc,heap      ] GC(0) Old regions: 0->1
[2020-04-09T16:48:37.855+0200][gc,heap      ] GC(0) Humongous regions: 0->0
[2020-04-09T16:48:37.855+0200][gc,metaspace ] GC(0) Metaspace: 15965K->15965K(1062912K)
[2020-04-09T16:48:37.855+0200][gc           ] GC(0) Pause Young (Normal) (G1 Evacuation Pause) 51M->7M(1024M) 5,940ms
[2020-04-09T16:48:37.855+0200][gc,cpu       ] GC(0) User=0,02s Sys=0,00s Real=0,00s
[2020-04-09T16:48:38.066+0200][gc,start     ] GC(1) Pause Young (Concurrent Start) (Metadata GC Threshold)
[2020-04-09T16:48:38.066+0200][gc,task      ] GC(1) Using 8 workers of 8 for evacuation
[2020-04-09T16:48:38.075+0200][gc,phases    ] GC(1)   Pre Evacuate Collection Set: 0,1ms
[2020-04-09T16:48:38.075+0200][gc,phases    ] GC(1)   Evacuate Collection Set: 8,1ms
[2020-04-09T16:48:38.075+0200][gc,phases    ] GC(1)   Post Evacuate Collection Set: 0,5ms
[2020-04-09T16:48:38.075+0200][gc,phases    ] GC(1)   Other: 0,3ms
[2020-04-09T16:48:38.075+0200][gc,heap      ] GC(1) Eden regions: 18->0(50)
[2020-04-09T16:48:38.075+0200][gc,heap      ] GC(1) Survivor regions: 7->1(7)
[2020-04-09T16:48:38.075+0200][gc,heap      ] GC(1) Old regions: 1->7
[2020-04-09T16:48:38.075+0200][gc,heap      ] GC(1) Humongous regions: 0->0
[2020-04-09T16:48:38.075+0200][gc,metaspace ] GC(1) Metaspace: 20354K->20354K(1067008K)
[2020-04-09T16:48:38.075+0200][gc           ] GC(1) Pause Young (Concurrent Start) (Metadata GC Threshold) 24M->7M(1024M) 8,987ms
[2020-04-09T16:48:38.075+0200][gc,cpu       ] GC(1) User=0,04s Sys=0,00s Real=0,01s
[2020-04-09T16:48:38.075+0200][gc           ] GC(2) Concurrent Cycle
[2020-04-09T16:48:38.075+0200][gc,marking   ] GC(2) Concurrent Clear Claimed Marks
[2020-04-09T16:48:38.075+0200][gc,marking   ] GC(2) Concurrent Clear Claimed Marks 0,045ms
[2020-04-09T16:48:38.075+0200][gc,marking   ] GC(2) Concurrent Scan Root Regions
[2020-04-09T16:48:38.076+0200][gc,marking   ] GC(2) Concurrent Scan Root Regions 0,967ms
[2020-04-09T16:48:38.076+0200][gc,marking   ] GC(2) Concurrent Mark (1,415s)
[2020-04-09T16:48:38.076+0200][gc,marking   ] GC(2) Concurrent Mark From Roots
[2020-04-09T16:48:38.077+0200][gc,task      ] GC(2) Using 2 workers of 2 for marking
[2020-04-09T16:48:38.083+0200][gc,marking   ] GC(2) Concurrent Mark From Roots 6,449ms
[2020-04-09T16:48:38.083+0200][gc,marking   ] GC(2) Concurrent Preclean
[2020-04-09T16:48:38.083+0200][gc,marking   ] GC(2) Concurrent Preclean 0,198ms
[2020-04-09T16:48:38.083+0200][gc,marking   ] GC(2) Concurrent Mark (1,415s, 1,422s) 6,712ms
[2020-04-09T16:48:38.083+0200][gc,start     ] GC(2) Pause Remark
[2020-04-09T16:48:38.085+0200][gc,stringtable] GC(2) Cleaned string and symbol table, strings: 9120 processed, 0 removed, symbols: 50018 processed, 55 removed
[2020-04-09T16:48:38.086+0200][gc            ] GC(2) Pause Remark 8M->8M(1024M) 2,469ms
[2020-04-09T16:48:38.086+0200][gc,cpu        ] GC(2) User=0,01s Sys=0,00s Real=0,00s
[2020-04-09T16:48:38.086+0200][gc,marking    ] GC(2) Concurrent Rebuild Remembered Sets
[2020-04-09T16:48:38.089+0200][gc,marking    ] GC(2) Concurrent Rebuild Remembered Sets 2,845ms
[2020-04-09T16:48:38.089+0200][gc,start      ] GC(2) Pause Cleanup
[2020-04-09T16:48:38.089+0200][gc            ] GC(2) Pause Cleanup 8M->8M(1024M) 0,222ms
[2020-04-09T16:48:38.089+0200][gc,cpu        ] GC(2) User=0,00s Sys=0,00s Real=0,00s
[2020-04-09T16:48:38.089+0200][gc,marking    ] GC(2) Concurrent Cleanup for Next Mark
[2020-04-09T16:48:38.095+0200][gc,marking    ] GC(2) Concurrent Cleanup for Next Mark 5,459ms
[2020-04-09T16:48:38.095+0200][gc            ] GC(2) Concurrent Cycle 19,455ms
[2020-04-09T16:48:39.013+0200][gc,start      ] GC(3) Pause Young (Normal) (G1 Evacuation Pause)
[2020-04-09T16:48:39.013+0200][gc,task       ] GC(3) Using 8 workers of 8 for evacuation
[2020-04-09T16:48:39.017+0200][gc,phases     ] GC(3)   Pre Evacuate Collection Set: 0,0ms
[2020-04-09T16:48:39.017+0200][gc,phases     ] GC(3)   Evacuate Collection Set: 3,2ms
[2020-04-09T16:48:39.017+0200][gc,phases     ] GC(3)   Post Evacuate Collection Set: 0,5ms
[2020-04-09T16:48:39.017+0200][gc,phases     ] GC(3)   Other: 0,2ms
[2020-04-09T16:48:39.017+0200][gc,heap       ] GC(3) Eden regions: 50->0(46)
[2020-04-09T16:48:39.017+0200][gc,heap       ] GC(3) Survivor regions: 1->5(7)
[2020-04-09T16:48:39.017+0200][gc,heap       ] GC(3) Old regions: 7->7
[2020-04-09T16:48:39.017+0200][gc,heap       ] GC(3) Humongous regions: 129->129
[2020-04-09T16:48:39.017+0200][gc,metaspace  ] GC(3) Metaspace: 28863K->28863K(1075200K)
[2020-04-09T16:48:39.017+0200][gc            ] GC(3) Pause Young (Normal) (G1 Evacuation Pause) 186M->140M(1024M) 3,920ms
[2020-04-09T16:48:39.017+0200][gc,cpu        ] GC(3) User=0,02s Sys=0,00s Real=0,00s
[2020-04-09T16:48:39.209+0200][gc,start      ] GC(4) Pause Young (Concurrent Start) (Metadata GC Threshold)
[2020-04-09T16:48:39.209+0200][gc,task       ] GC(4) Using 8 workers of 8 for evacuation
[2020-04-09T16:48:39.217+0200][gc,phases     ] GC(4)   Pre Evacuate Collection Set: 0,1ms
[2020-04-09T16:48:39.217+0200][gc,phases     ] GC(4)   Evacuate Collection Set: 6,9ms
[2020-04-09T16:48:39.217+0200][gc,phases     ] GC(4)   Post Evacuate Collection Set: 0,4ms
[2020-04-09T16:48:39.217+0200][gc,phases     ] GC(4)   Other: 0,3ms
[2020-04-09T16:48:39.217+0200][gc,heap       ] GC(4) Eden regions: 24->0(49)
[2020-04-09T16:48:39.217+0200][gc,heap       ] GC(4) Survivor regions: 5->2(7)
[2020-04-09T16:48:39.217+0200][gc,heap       ] GC(4) Old regions: 7->12
[2020-04-09T16:48:39.217+0200][gc,heap       ] GC(4) Humongous regions: 129->129
[2020-04-09T16:48:39.217+0200][gc,metaspace  ] GC(4) Metaspace: 33893K->33893K(1079296K)
[2020-04-09T16:48:39.217+0200][gc            ] GC(4) Pause Young (Concurrent Start) (Metadata GC Threshold) 164M->142M(1024M) 7,764ms
[2020-04-09T16:48:39.217+0200][gc,cpu        ] GC(4) User=0,05s Sys=0,00s Real=0,00s
[2020-04-09T16:48:39.217+0200][gc            ] GC(5) Concurrent Cycle
[2020-04-09T16:48:39.217+0200][gc,marking    ] GC(5) Concurrent Clear Claimed Marks
[2020-04-09T16:48:39.217+0200][gc,marking    ] GC(5) Concurrent Clear Claimed Marks 0,106ms
[2020-04-09T16:48:39.217+0200][gc,marking    ] GC(5) Concurrent Scan Root Regions
[2020-04-09T16:48:39.218+0200][gc,marking    ] GC(5) Concurrent Scan Root Regions 1,151ms
[2020-04-09T16:48:39.218+0200][gc,marking    ] GC(5) Concurrent Mark (2,557s)
[2020-04-09T16:48:39.218+0200][gc,marking    ] GC(5) Concurrent Mark From Roots
[2020-04-09T16:48:39.218+0200][gc,task       ] GC(5) Using 2 workers of 2 for marking
[2020-04-09T16:48:39.232+0200][gc,marking    ] GC(5) Concurrent Mark From Roots 13,625ms
[2020-04-09T16:48:39.232+0200][gc,marking    ] GC(5) Concurrent Preclean
[2020-04-09T16:48:39.232+0200][gc,marking    ] GC(5) Concurrent Preclean 0,225ms
[2020-04-09T16:48:39.232+0200][gc,marking    ] GC(5) Concurrent Mark (2,557s, 2,571s) 13,904ms
[2020-04-09T16:48:39.232+0200][gc,start      ] GC(5) Pause Remark
[2020-04-09T16:48:39.242+0200][gc,stringtable] GC(5) Cleaned string and symbol table, strings: 15134 processed, 9 removed, symbols: 77812 processed, 25 removed
[2020-04-09T16:48:39.242+0200][gc            ] GC(5) Pause Remark 143M->143M(1024M) 10,184ms
[2020-04-09T16:48:39.242+0200][gc,cpu        ] GC(5) User=0,07s Sys=0,00s Real=0,01s
[2020-04-09T16:48:39.242+0200][gc,marking    ] GC(5) Concurrent Rebuild Remembered Sets
[2020-04-09T16:48:39.250+0200][gc,marking    ] GC(5) Concurrent Rebuild Remembered Sets 7,847ms
[2020-04-09T16:48:39.250+0200][gc,start      ] GC(5) Pause Cleanup
[2020-04-09T16:48:39.251+0200][gc            ] GC(5) Pause Cleanup 143M->143M(1024M) 0,188ms
[2020-04-09T16:48:39.251+0200][gc,cpu        ] GC(5) User=0,00s Sys=0,00s Real=0,00s
[2020-04-09T16:48:39.251+0200][gc,marking    ] GC(5) Concurrent Cleanup for Next Mark
[2020-04-09T16:48:39.256+0200][gc,marking    ] GC(5) Concurrent Cleanup for Next Mark 4,908ms
[2020-04-09T16:48:39.256+0200][gc            ] GC(5) Concurrent Cycle 38,817ms
[2020-04-09T17:01:53.888+0200][gc,start      ] GC(6) Pause Young (Normal) (G1 Evacuation Pause)
[2020-04-09T17:01:53.888+0200][gc,task       ] GC(6) Using 8 workers of 8 for evacuation
[2020-04-09T17:01:53.898+0200][gc,phases     ] GC(6)   Pre Evacuate Collection Set: 0,1ms
[2020-04-09T17:01:53.898+0200][gc,phases     ] GC(6)   Evacuate Collection Set: 7,7ms
[2020-04-09T17:01:53.898+0200][gc,phases     ] GC(6)   Post Evacuate Collection Set: 1,4ms
[2020-04-09T17:01:53.898+0200][gc,phases     ] GC(6)   Other: 0,7ms
[2020-04-09T17:01:53.898+0200][gc,heap       ] GC(6) Eden regions: 49->0(48)
[2020-04-09T17:01:53.898+0200][gc,heap       ] GC(6) Survivor regions: 2->3(7)
[2020-04-09T17:01:53.898+0200][gc,heap       ] GC(6) Old regions: 12->12
[2020-04-09T17:01:53.898+0200][gc,heap       ] GC(6) Humongous regions: 135->129
[2020-04-09T17:01:53.898+0200][gc,metaspace  ] GC(6) Metaspace: 36781K->36781K(1083392K)
[2020-04-09T17:01:53.898+0200][gc            ] GC(6) Pause Young (Normal) (G1 Evacuation Pause) 197M->142M(1024M) 10,196ms
[2020-04-09T17:01:53.898+0200][gc,cpu        ] GC(6) User=0,06s Sys=0,00s Real=0,00s
[2020-04-09T17:16:51.447+0200][gc,heap,exit  ] Heap
[2020-04-09T17:16:51.447+0200][gc,heap,exit  ]  garbage-first heap   total 1048576K, used 188197K [0x00000000c0000000, 0x0000000100000000)
[2020-04-09T17:16:51.447+0200][gc,heap,exit  ]   region size 1024K, 45 young (46080K), 3 survivors (3072K)
[2020-04-09T17:16:51.447+0200][gc,heap,exit  ]  Metaspace       used 37647K, capacity 39790K, committed 39936K, reserved 1083392K
[2020-04-09T17:16:51.447+0200][gc,heap,exit  ]   class space    used 5242K, capacity 6294K, committed 6400K, reserved 1048576K
