[2020-04-09T16:43:11.912+0200][gc,heap] Heap region size: 1M
[2020-04-09T16:43:11.924+0200][gc     ] Using G1
[2020-04-09T16:43:11.924+0200][gc,heap,coops] Heap address: 0x00000000e0000000, size: 512 MB, Compressed Oops mode: 32-bit
[2020-04-09T16:43:13.895+0200][gc,start     ] GC(0) Pause Young (Normal) (G1 Evacuation Pause)
[2020-04-09T16:43:13.896+0200][gc,task      ] GC(0) Using 8 workers of 8 for evacuation
[2020-04-09T16:43:13.903+0200][gc,phases    ] GC(0)   Pre Evacuate Collection Set: 0,0ms
[2020-04-09T16:43:13.904+0200][gc,phases    ] GC(0)   Evacuate Collection Set: 7,0ms
[2020-04-09T16:43:13.904+0200][gc,phases    ] GC(0)   Post Evacuate Collection Set: 0,5ms
[2020-04-09T16:43:13.904+0200][gc,phases    ] GC(0)   Other: 1,2ms
[2020-04-09T16:43:13.904+0200][gc,heap      ] GC(0) Eden regions: 25->0(21)
[2020-04-09T16:43:13.904+0200][gc,heap      ] GC(0) Survivor regions: 0->4(4)
[2020-04-09T16:43:13.904+0200][gc,heap      ] GC(0) Old regions: 0->2
[2020-04-09T16:43:13.904+0200][gc,heap      ] GC(0) Humongous regions: 0->0
[2020-04-09T16:43:13.904+0200][gc,metaspace ] GC(0) Metaspace: 7354K->7354K(1056768K)
[2020-04-09T16:43:13.904+0200][gc           ] GC(0) Pause Young (Normal) (G1 Evacuation Pause) 25M->5M(512M) 8,795ms
[2020-04-09T16:43:13.904+0200][gc,cpu       ] GC(0) User=0,04s Sys=0,00s Real=0,01s
[2020-04-09T16:43:13.904+0200][gc,heap,exit ] Heap
[2020-04-09T16:43:13.904+0200][gc,heap,exit ]  garbage-first heap   total 524288K, used 5793K [0x00000000e0000000, 0x0000000100000000)
[2020-04-09T16:43:13.904+0200][gc,heap,exit ]   region size 1024K, 5 young (5120K), 4 survivors (4096K)
[2020-04-09T16:43:13.904+0200][gc,heap,exit ]  Metaspace       used 7355K, capacity 7600K, committed 7936K, reserved 1056768K
[2020-04-09T16:43:13.904+0200][gc,heap,exit ]   class space    used 844K, capacity 940K, committed 1024K, reserved 1048576K
